
  .   ____          _            __ _ _
 /\\ / ___'_ __ _ _(_)_ __  __ _ \ \ \ \
( ( )\___ | '_ | '_| | '_ \/ _` | \ \ \ \
 \\/  ___)| |_)| | | | | || (_| |  ) ) ) )
  '  |____| .__|_| |_|_| |_\__, | / / / /
 =========|_|==============|___/=/_/_/_/

 :: Spring Boot ::                (v4.1.1)

2026-09-01T20:57:48.019+05:30  INFO 8436 --- [backend] [           main] devPilot.backend.BackendApplication      : Starting BackendApplication using Java 25.0.4 with PID 8436 (D:\SpringBootProject\backend\target\classes started by User in D:\SpringBootProject\backend)
2026-09-01T20:57:48.024+05:30  INFO 8436 --- [backend] [           main] devPilot.backend.BackendApplication      : No active profile set, falling back to 1 default profile: "default"
2026-09-01T20:57:49.059+05:30  INFO 8436 --- [backend] [           main] .s.d.r.c.RepositoryConfigurationDelegate : Bootstrapping Spring Data JPA repositories in DEFAULT mode.
2026-09-01T20:57:49.297+05:30  INFO 8436 --- [backend] [           main] .s.d.r.c.RepositoryConfigurationDelegate : Finished Spring Data repository scanning in 227 ms. Found 2 JPA repository interfaces.
2026-09-01T20:57:50.065+05:30  INFO 8436 --- [backend] [           main] o.s.boot.tomcat.TomcatWebServer          : Tomcat initialized with port 8081 (http)
2026-09-01T20:57:50.084+05:30  INFO 8436 --- [backend] [           main] o.apache.catalina.core.StandardService   : Starting service [Tomcat]
2026-09-01T20:57:50.085+05:30  INFO 8436 --- [backend] [           main] o.apache.catalina.core.StandardEngine    : Starting Servlet engine: [Apache Tomcat/11.0.24]
2026-09-01T20:57:50.180+05:30  INFO 8436 --- [backend] [           main] b.w.c.s.WebApplicationContextInitializer : Root WebApplicationContext: initialization completed in 2093 ms
2026-09-01T20:57:50.494+05:30  INFO 8436 --- [backend] [           main] com.zaxxer.hikari.HikariDataSource       : HikariPool-1 - Starting...
2026-09-01T20:57:50.750+05:30  INFO 8436 --- [backend] [           main] com.zaxxer.hikari.pool.HikariPool        : HikariPool-1 - Added connection org.postgresql.jdbc.PgConnection@4a660b34
2026-09-01T20:57:50.752+05:30  INFO 8436 --- [backend] [           main] com.zaxxer.hikari.HikariDataSource       : HikariPool-1 - Start completed.
2026-09-01T20:57:50.785+05:30  INFO 8436 --- [backend] [           main] org.flywaydb.core.FlywayExecutor         : Database: jdbc:postgresql://localhost:5433/DevPilot (PostgreSQL 17.11)
2026-09-01T20:57:50.910+05:30  INFO 8436 --- [backend] [           main] o.f.core.internal.command.DbValidate     : Successfully validated 3 migrations (execution time 00:00.040s)
2026-09-01T20:57:50.941+05:30  INFO 8436 --- [backend] [           main] o.f.core.internal.command.DbMigrate      : Current version of schema "public": 2
2026-09-01T20:57:50.948+05:30  INFO 8436 --- [backend] [           main] o.f.core.internal.command.DbMigrate      : Schema "public" is up to date. No migration necessary.
2026-09-01T20:57:51.091+05:30  INFO 8436 --- [backend] [           main] org.hibernate.orm.jpa                    : HHH008540: Processing PersistenceUnitInfo [name: default]
2026-09-01T20:57:51.175+05:30  INFO 8436 --- [backend] [           main] org.hibernate.orm.core                   : HHH000001: Hibernate ORM core version 7.4.5.Final
2026-09-01T20:57:51.710+05:30  INFO 8436 --- [backend] [           main] o.s.o.j.p.SpringPersistenceUnitInfo      : No LoadTimeWeaver setup: ignoring JPA class transformer
2026-09-01T20:57:51.828+05:30  INFO 8436 --- [backend] [           main] org.hibernate.orm.connections.pooling    : HHH10001005: Database info:
	Database JDBC URL [jdbc:postgresql://localhost:5433/DevPilot]
	Database driver: PostgreSQL JDBC Driver
	Database dialect: PostgreSQLDialect
	Database version: 17.11
	Default catalog/schema: DevPilot/public
	Autocommit mode: undefined/unknown
	Isolation level: READ_COMMITTED [default READ_COMMITTED]
	JDBC fetch size: none
	Pool: DataSourceConnectionProvider
	Minimum pool size: undefined/unknown
	Maximum pool size: undefined/unknown
2026-09-01T20:57:53.138+05:30  INFO 8436 --- [backend] [           main] org.hibernate.orm.core                   : HHH000489: No JTA platform available (set 'hibernate.transaction.jta.platform' to enable JTA platform integration)
2026-09-01T20:57:53.207+05:30  INFO 8436 --- [backend] [           main] j.LocalContainerEntityManagerFactoryBean : Initialized JPA EntityManagerFactory for persistence unit 'default'
2026-09-01T20:57:53.302+05:30  INFO 8436 --- [backend] [           main] o.s.d.j.r.query.QueryEnhancerFactories   : Hibernate is in classpath; If applicable, HQL parser will be used.
2026-09-01T20:57:54.883+05:30  INFO 8436 --- [backend] [           main] o.s.boot.tomcat.TomcatWebServer          : Tomcat started on port 8081 (http) with context path '/'
2026-09-01T20:57:54.893+05:30  INFO 8436 --- [backend] [           main] devPilot.backend.BackendApplication      : Started BackendApplication in 7.355 seconds (process running for 8.199)
